// Jest Snapshot v1, https://goo.gl/fbAQLP

exports[`Snapshot test of DetailsPage renders correctly 1`] = `
<div>
  <button
    className="MuiButtonBase-root-32 MuiButton-root-6 MuiButton-text-8 MuiButton-flat-11 modalButton"
    disabled={false}
    onBlur={[Function]}
    onClick={[Function]}
    onFocus={[Function]}
    onKeyDown={[Function]}
    onKeyUp={[Function]}
    onMouseDown={[Function]}
    onMouseLeave={[Function]}
    onMouseUp={[Function]}
    onTouchEnd={[Function]}
    onTouchMove={[Function]}
    onTouchStart={[Function]}
    tabIndex="0"
    type="button"
  >
    <span
      className="MuiButton-label-7"
    >
      Mer Info
    </span>
    <span
      className="MuiTouchRipple-root-134"
    />
  </button>
  <div
    className=""
  >
    <div />
  </div>
</div>
`;
